item: '{count, plural, =0{No items} one{{count} item} other{{count} items}}'
